Date: 2026/10/01 01:39:52
Country: ca, product: macbookair --> new items: 12
Country: xf, product: macbookair --> new items: 2
Country: cn, product: macbookpro --> new items: 1
Country: us, product: macbookair --> new items: 11
------------------------------------------------------------
Date: 2026/10/01 07:57:57
Country: bx, product: iphone --> new items: 1
Country: be, product: iphone --> new items: 1
Country: ca, product: macbookpro --> new items: 41
Country: ca, product: macbookair --> new items: 1
Country: xf, product: macbookpro --> new items: 41
Country: xf, product: macbookair --> new items: 1
Country: cn, product: macbookair --> new items: 1
Country: de, product: iphone --> new items: 1
Country: de, product: macbookpro --> new items: 1
Country: de, product: macbookair --> new items: 1
Country: jp, product: iphone --> new items: 9
Country: nl, product: iphone --> new items: 1
Country: at, product: iphone --> new items: 1
Country: at, product: macbookpro --> new items: 1
Country: at, product: macbookair --> new items: 1
Country: sg, product: macbookpro --> new items: 1
Country: kr, product: macbookair --> new items: 1
Country: us, product: macbookpro --> new items: 41
Country: us, product: macbookair --> new items: 1
------------------------------------------------------------
