Date: 2026/08/01 01:47:51
Country: cn, product: macbookpro --> new items: 1
Country: it, product: macbookpro --> new items: 1
Country: us, product: iphone --> new items: 2
------------------------------------------------------------
Date: 2026/08/01 05:16:24
No new entries.
------------------------------------------------------------
Date: 2026/08/01 08:01:13
Country: cn, product: imac --> new items: 1
Country: jp, product: iphone --> new items: 4
------------------------------------------------------------
Date: 2026/08/01 10:25:03
Country: bx, product: iphone --> new items: 3
Country: be, product: iphone --> new items: 3
Country: cn, product: imac --> new items: 1
Country: cn, product: macbookpro --> new items: 1
Country: de, product: iphone --> new items: 3
Country: de, product: imac --> new items: 2
Country: jp, product: iphone --> new items: 1
Country: nl, product: iphone --> new items: 3
Country: at, product: iphone --> new items: 3
Country: at, product: imac --> new items: 2
------------------------------------------------------------
Date: 2026/08/01 11:54:16
Country: cn, product: macbookpro --> new items: 1
Country: ie, product: macbookair --> new items: 1
Country: jp, product: iphone --> new items: 1
Country: uk, product: macbookair --> new items: 1
------------------------------------------------------------
Date: 2026/08/01 12:53:44
Country: bx, product: watch --> new items: 2
Country: be, product: watch --> new items: 2
Country: cn, product: macbookpro --> new items: 1
Country: de, product: watch --> new items: 2
Country: nl, product: watch --> new items: 2
Country: at, product: watch --> new items: 2
Country: cx, product: watch --> new items: 2
Country: ch, product: watch --> new items: 2
------------------------------------------------------------
