Date: 2026/09/01 00:53:05
Country: ca, product: imac --> new items: 1
Country: ca, product: macbookpro --> new items: 58
Country: xf, product: imac --> new items: 1
Country: xf, product: macbookpro --> new items: 57
Country: us, product: imac --> new items: 1
Country: us, product: macbookpro --> new items: 58
------------------------------------------------------------
Date: 2026/09/01 05:50:38
Country: au, product: macbookpro --> new items: 27
Country: au, product: macbookair --> new items: 19
Country: ca, product: macstudio --> new items: 5
Country: ca, product: macbookpro --> new items: 27
Country: ca, product: macbookair --> new items: 1
Country: xf, product: macstudio --> new items: 6
Country: xf, product: macbookpro --> new items: 8
Country: xf, product: macbookair --> new items: 1
Country: cn, product: mini --> new items: 6
Country: cn, product: macbookpro --> new items: 9
Country: de, product: macbookair --> new items: 1
Country: jp, product: iphone --> new items: 1
Country: jp, product: macbookpro --> new items: 3
Country: jp, product: macbookair --> new items: 16
Country: nz, product: macbookpro --> new items: 27
Country: nz, product: macbookair --> new items: 18
Country: at, product: macstudio --> new items: 2
Country: at, product: macbookpro --> new items: 1
Country: at, product: macbookair --> new items: 1
Country: us, product: macstudio --> new items: 6
Country: us, product: macbookpro --> new items: 27
Country: us, product: macbookair --> new items: 1
------------------------------------------------------------
Date: 2026/09/01 10:42:50
Country: au, product: macbookpro --> new items: 3
Country: bx, product: iphone --> new items: 3
Country: be, product: iphone --> new items: 3
Country: ca, product: macbookpro --> new items: 1
Country: xf, product: macbookpro --> new items: 18
Country: cn, product: mini --> new items: 2
Country: cn, product: macbookpro --> new items: 11
Country: cn, product: macbookair --> new items: 5
Country: de, product: iphone --> new items: 3
Country: de, product: macstudio --> new items: 1
Country: de, product: macbookpro --> new items: 1
Country: de, product: macbookair --> new items: 3
Country: fr, product: macstudio --> new items: 1
Country: jp, product: iphone --> new items: 1
Country: nl, product: iphone --> new items: 3
Country: nz, product: macbookpro --> new items: 3
Country: at, product: iphone --> new items: 3
Country: at, product: macbookair --> new items: 3
Country: tw, product: macbookpro --> new items: 26
Country: tw, product: macbookair --> new items: 32
Country: us, product: macbookpro --> new items: 1
------------------------------------------------------------
Date: 2026/09/01 15:17:17
Country: bx, product: iphone --> new items: 1
Country: bx, product: macbookair --> new items: 2
Country: bx, product: atv --> new items: 1
Country: be, product: iphone --> new items: 1
Country: be, product: macbookair --> new items: 2
Country: be, product: atv --> new items: 1
Country: cn, product: macbookpro --> new items: 1
Country: de, product: iphone --> new items: 1
Country: de, product: macbookpro --> new items: 2
Country: de, product: macbookair --> new items: 2
Country: de, product: atv --> new items: 1
Country: es, product: macbookpro --> new items: 1
Country: it, product: macstudio --> new items: 1
Country: jp, product: ipad --> new items: 1
Country: nl, product: iphone --> new items: 1
Country: nl, product: macbookpro --> new items: 1
Country: nl, product: atv --> new items: 1
Country: at, product: iphone --> new items: 1
Country: at, product: macbookpro --> new items: 2
Country: at, product: macbookair --> new items: 2
Country: at, product: atv --> new items: 1
Country: cx, product: atv --> new items: 1
Country: ch, product: atv --> new items: 1
------------------------------------------------------------
Date: 2026/09/01 18:57:58
Country: bx, product: iphone --> new items: 2
Country: be, product: iphone --> new items: 2
Country: ca, product: imac --> new items: 11
Country: ca, product: macbookpro --> new items: 11
Country: ca, product: macbookair --> new items: 1
Country: xf, product: imac --> new items: 11
Country: xf, product: macbookpro --> new items: 12
Country: xf, product: macbookair --> new items: 25
Country: cn, product: macbookpro --> new items: 2
Country: de, product: iphone --> new items: 2
Country: de, product: macbookpro --> new items: 3
Country: fr, product: macbookpro --> new items: 1
Country: nl, product: iphone --> new items: 2
Country: nl, product: macbookpro --> new items: 1
Country: at, product: iphone --> new items: 2
Country: at, product: macbookpro --> new items: 3
Country: at, product: macbookair --> new items: 1
Country: pl, product: macbookair --> new items: 1
Country: uk, product: iphone --> new items: 2
Country: us, product: macbookpro --> new items: 11
Country: us, product: macbookair --> new items: 1
------------------------------------------------------------
Date: 2026/09/01 21:34:05
Country: bx, product: acc --> new items: 1
Country: be, product: acc --> new items: 1
Country: ca, product: macbookpro --> new items: 21
Country: ca, product: macbookair --> new items: 16
Country: xf, product: macbookpro --> new items: 24
Country: xf, product: macbookair --> new items: 8
Country: de, product: macbookpro --> new items: 1
Country: de, product: macbookair --> new items: 2
Country: de, product: acc --> new items: 1
Country: es, product: acc --> new items: 1
Country: fr, product: macbookair --> new items: 1
Country: it, product: acc --> new items: 1
Country: nl, product: acc --> new items: 1
Country: at, product: macbookpro --> new items: 1
Country: at, product: macbookair --> new items: 2
Country: at, product: acc --> new items: 1
Country: pl, product: mini --> new items: 1
Country: pl, product: acc --> new items: 1
Country: sg, product: macbookair --> new items: 1
Country: cx, product: acc --> new items: 1
Country: ch, product: acc --> new items: 1
Country: us, product: imac --> new items: 11
Country: us, product: macbookpro --> new items: 24
Country: us, product: macbookair --> new items: 18
------------------------------------------------------------
Date: 2026/09/01 23:39:19
Country: bx, product: macbookair --> new items: 1
Country: be, product: macbookair --> new items: 1
Country: ca, product: macbookair --> new items: 2
Country: xf, product: macbookair --> new items: 1
Country: de, product: macbookair --> new items: 1
Country: at, product: macbookair --> new items: 1
Country: us, product: macbookair --> new items: 2
------------------------------------------------------------
Date: 2026/09/02 01:51:37
Country: ca, product: macbookpro --> new items: 5
Country: ca, product: macbookair --> new items: 1
Country: xf, product: macbookpro --> new items: 6
Country: xf, product: macbookair --> new items: 2
Country: jp, product: ipad --> new items: 1
Country: us, product: macbookpro --> new items: 6
Country: us, product: macbookair --> new items: 1
------------------------------------------------------------
Date: 2026/09/02 06:35:24
Country: au, product: ipad --> new items: 1
Country: ca, product: macbookair --> new items: 22
Country: xf, product: macbookair --> new items: 21
Country: cn, product: mini --> new items: 1
Country: cn, product: macbookpro --> new items: 1
Country: nz, product: ipad --> new items: 1
Country: sg, product: macbookpro --> new items: 10
Country: sg, product: macbookair --> new items: 18
Country: us, product: macbookair --> new items: 21
------------------------------------------------------------
Date: 2026/09/02 11:50:05
Country: bx, product: ipad --> new items: 1
Country: bx, product: iphone --> new items: 2
Country: be, product: ipad --> new items: 1
Country: be, product: iphone --> new items: 2
Country: xf, product: macbookair --> new items: 1
Country: cn, product: macbookpro --> new items: 1
Country: de, product: ipad --> new items: 1
Country: de, product: iphone --> new items: 2
Country: de, product: macbookpro --> new items: 1
Country: ie, product: ipad --> new items: 1
Country: jp, product: macbookpro --> new items: 1
Country: nl, product: ipad --> new items: 1
Country: nl, product: iphone --> new items: 2
Country: nl, product: macbookair --> new items: 1
Country: at, product: ipad --> new items: 1
Country: at, product: iphone --> new items: 2
Country: at, product: macbookpro --> new items: 1
Country: pl, product: macbookair --> new items: 1
Country: sg, product: macbookpro --> new items: 17
Country: sg, product: macbookair --> new items: 11
Country: uk, product: ipad --> new items: 1
Country: us, product: macbookair --> new items: 1
------------------------------------------------------------
Date: 2026/09/02 15:33:03
Country: bx, product: macbookair --> new items: 1
Country: be, product: macbookair --> new items: 1
Country: ca, product: macbookpro --> new items: 1
Country: xf, product: macbookpro --> new items: 1
Country: de, product: macbookpro --> new items: 1
Country: de, product: macbookair --> new items: 1
Country: at, product: macbookpro --> new items: 1
Country: us, product: macbookpro --> new items: 1
------------------------------------------------------------
Date: 2026/09/02 19:03:28
Country: bx, product: ipad --> new items: 1
Country: bx, product: iphone --> new items: 2
Country: bx, product: macbookair --> new items: 1
Country: be, product: ipad --> new items: 1
Country: be, product: iphone --> new items: 2
Country: be, product: macbookair --> new items: 1
Country: ca, product: imac --> new items: 1
Country: ca, product: mini --> new items: 17
Country: ca, product: macbookpro --> new items: 6
Country: ca, product: macbookair --> new items: 10
Country: xf, product: imac --> new items: 1
Country: xf, product: mini --> new items: 17
Country: xf, product: macbookpro --> new items: 7
Country: xf, product: macbookair --> new items: 20
Country: de, product: ipad --> new items: 1
Country: de, product: iphone --> new items: 2
Country: de, product: macbookpro --> new items: 1
Country: es, product: ipad --> new items: 1
Country: fr, product: macstudio --> new items: 2
Country: fr, product: mini --> new items: 1
Country: ie, product: mini --> new items: 3
Country: it, product: ipad --> new items: 1
Country: it, product: macbookair --> new items: 1
Country: nl, product: ipad --> new items: 1
Country: nl, product: iphone --> new items: 2
Country: nl, product: macbookpro --> new items: 1
Country: nl, product: macbookair --> new items: 1
Country: at, product: ipad --> new items: 1
Country: at, product: iphone --> new items: 2
Country: at, product: macstudio --> new items: 1
Country: at, product: macbookpro --> new items: 1
Country: cx, product: ipad --> new items: 1
Country: cx, product: macstudio --> new items: 1
Country: ch, product: ipad --> new items: 1
Country: ch, product: macstudio --> new items: 1
Country: uk, product: mini --> new items: 3
Country: us, product: imac --> new items: 1
Country: us, product: mini --> new items: 17
Country: us, product: macbookpro --> new items: 6
Country: us, product: macbookair --> new items: 10
------------------------------------------------------------
Date: 2026/09/02 22:06:46
Country: au, product: mini --> new items: 1
Country: au, product: macbookpro --> new items: 1
Country: bx, product: ipad --> new items: 2
Country: bx, product: iphone --> new items: 1
Country: bx, product: macbookpro --> new items: 4
Country: bx, product: macbookair --> new items: 6
Country: be, product: ipad --> new items: 2
Country: be, product: iphone --> new items: 1
Country: be, product: macbookpro --> new items: 4
Country: be, product: macbookair --> new items: 6
Country: ca, product: macbookair --> new items: 27
Country: xf, product: macbookair --> new items: 23
Country: cn, product: macbookpro --> new items: 1
Country: cn, product: macbookair --> new items: 1
Country: de, product: ipad --> new items: 2
Country: de, product: iphone --> new items: 1
Country: de, product: macbookpro --> new items: 21
Country: de, product: macbookair --> new items: 16
Country: es, product: ipad --> new items: 2
Country: es, product: macbookpro --> new items: 12
Country: fr, product: macbookpro --> new items: 25
Country: fr, product: macbookair --> new items: 14
Country: ie, product: macbookpro --> new items: 27
Country: ie, product: macbookair --> new items: 35
Country: it, product: ipad --> new items: 3
Country: it, product: macbookpro --> new items: 4
Country: it, product: macbookair --> new items: 4
Country: jp, product: macbookpro --> new items: 1
Country: nl, product: ipad --> new items: 2
Country: nl, product: iphone --> new items: 1
Country: nl, product: macbookpro --> new items: 6
Country: nl, product: macbookair --> new items: 5
Country: nz, product: mini --> new items: 1
Country: nz, product: macbookpro --> new items: 1
Country: at, product: ipad --> new items: 2
Country: at, product: iphone --> new items: 1
Country: at, product: macbookpro --> new items: 21
Country: at, product: macbookair --> new items: 15
Country: pl, product: macbookpro --> new items: 3
Country: pl, product: macbookair --> new items: 6
Country: cx, product: ipad --> new items: 2
Country: cx, product: macbookpro --> new items: 1
Country: ch, product: ipad --> new items: 2
Country: ch, product: macbookpro --> new items: 1
Country: uk, product: macbookpro --> new items: 27
Country: uk, product: macbookair --> new items: 34
Country: us, product: macbookair --> new items: 27
------------------------------------------------------------
Date: 2026/09/03 00:49:27
Country: ca, product: macbookpro --> new items: 1
Country: ca, product: macbookair --> new items: 30
Country: xf, product: macbookpro --> new items: 1
Country: xf, product: macbookair --> new items: 26
Country: at, product: macbookair --> new items: 1
Country: uk, product: macbookair --> new items: 1
Country: us, product: macbookpro --> new items: 1
Country: us, product: macbookair --> new items: 30
------------------------------------------------------------
Date: 2026/09/03 05:18:39
Country: ca, product: ipad --> new items: 1
Country: ca, product: imac --> new items: 8
Country: ca, product: macstudio --> new items: 10
Country: ca, product: macbookair --> new items: 3
Country: xf, product: ipad --> new items: 1
Country: xf, product: imac --> new items: 10
Country: xf, product: macstudio --> new items: 10
Country: xf, product: macbookair --> new items: 3
Country: jp, product: iphone --> new items: 11
Country: jp, product: watch --> new items: 1
Country: tw, product: macbookair --> new items: 1
Country: us, product: ipad --> new items: 2
Country: us, product: imac --> new items: 10
Country: us, product: macstudio --> new items: 10
Country: us, product: macbookair --> new items: 3
Country: us, product: watch --> new items: 1
------------------------------------------------------------
Date: 2026/09/03 10:19:16
Country: bx, product: macbookpro --> new items: 1
Country: bx, product: watch --> new items: 2
Country: be, product: macbookpro --> new items: 1
Country: be, product: watch --> new items: 2
Country: ca, product: ipad --> new items: 1
Country: ca, product: acc --> new items: 1
Country: xf, product: ipad --> new items: 1
Country: xf, product: acc --> new items: 1
Country: cn, product: macbookair --> new items: 2
Country: cn, product: watch --> new items: 2
Country: de, product: macstudio --> new items: 1
Country: de, product: macbookpro --> new items: 3
Country: de, product: macbookair --> new items: 1
Country: de, product: watch --> new items: 2
Country: es, product: macbookpro --> new items: 1
Country: fr, product: macstudio --> new items: 1
Country: fr, product: macbookpro --> new items: 2
Country: ie, product: iphone --> new items: 1
Country: it, product: macbookpro --> new items: 2
Country: nl, product: macbookpro --> new items: 5
Country: nl, product: macbookair --> new items: 1
Country: nl, product: watch --> new items: 2
Country: at, product: macstudio --> new items: 1
Country: at, product: macbookpro --> new items: 3
Country: at, product: macbookair --> new items: 1
Country: at, product: watch --> new items: 2
Country: pl, product: macbookpro --> new items: 3
Country: cx, product: macstudio --> new items: 1
Country: cx, product: watch --> new items: 2
Country: ch, product: macstudio --> new items: 1
Country: ch, product: watch --> new items: 2
Country: uk, product: iphone --> new items: 1
Country: us, product: ipad --> new items: 4
Country: us, product: acc --> new items: 1
------------------------------------------------------------
Date: 2026/09/03 14:47:08
Country: bx, product: iphone --> new items: 1
Country: bx, product: macbookpro --> new items: 3
Country: bx, product: macbookair --> new items: 3
Country: bx, product: watch --> new items: 1
Country: be, product: iphone --> new items: 1
Country: be, product: macbookpro --> new items: 5
Country: be, product: macbookair --> new items: 3
Country: be, product: watch --> new items: 1
Country: de, product: ipad --> new items: 1
Country: de, product: iphone --> new items: 1
Country: de, product: macbookpro --> new items: 7
Country: de, product: macbookair --> new items: 6
Country: de, product: watch --> new items: 1
Country: es, product: macbookpro --> new items: 3
Country: fr, product: macbookpro --> new items: 14
Country: fr, product: macbookair --> new items: 7
Country: ie, product: macbookpro --> new items: 1
Country: it, product: macbookpro --> new items: 2
Country: nl, product: iphone --> new items: 1
Country: nl, product: macbookpro --> new items: 8
Country: nl, product: macbookair --> new items: 5
Country: nl, product: watch --> new items: 1
Country: at, product: ipad --> new items: 1
Country: at, product: iphone --> new items: 1
Country: at, product: macbookpro --> new items: 7
Country: at, product: macbookair --> new items: 8
Country: at, product: watch --> new items: 1
Country: pl, product: macbookpro --> new items: 2
Country: cx, product: macbookpro --> new items: 3
Country: cx, product: macbookair --> new items: 4
Country: cx, product: watch --> new items: 1
Country: ch, product: macbookpro --> new items: 5
Country: ch, product: macbookair --> new items: 4
Country: ch, product: watch --> new items: 1
Country: us, product: iphone --> new items: 2
------------------------------------------------------------
Date: 2026/09/03 18:12:11
Country: bx, product: iphone --> new items: 2
Country: bx, product: macbookpro --> new items: 4
Country: bx, product: macbookair --> new items: 2
Country: bx, product: watch --> new items: 1
Country: be, product: iphone --> new items: 2
Country: be, product: macbookpro --> new items: 3
Country: be, product: macbookair --> new items: 1
Country: be, product: watch --> new items: 1
Country: ca, product: ipad --> new items: 2
Country: ca, product: iphone --> new items: 5
Country: ca, product: imac --> new items: 1
Country: ca, product: macbookair --> new items: 1
Country: xf, product: ipad --> new items: 2
Country: xf, product: iphone --> new items: 5
Country: xf, product: imac --> new items: 1
Country: de, product: iphone --> new items: 2
Country: de, product: macstudio --> new items: 1
Country: de, product: macbookpro --> new items: 10
Country: de, product: macbookair --> new items: 17
Country: de, product: watch --> new items: 1
Country: es, product: macbookpro --> new items: 6
Country: es, product: macbookair --> new items: 2
Country: fr, product: iphone --> new items: 7
Country: fr, product: macbookpro --> new items: 4
Country: fr, product: macbookair --> new items: 8
Country: ie, product: iphone --> new items: 1
Country: it, product: macstudio --> new items: 1
Country: it, product: macbookpro --> new items: 2
Country: it, product: macbookair --> new items: 3
Country: jp, product: iphone --> new items: 1
Country: nl, product: iphone --> new items: 2
Country: nl, product: macbookpro --> new items: 7
Country: nl, product: macbookair --> new items: 3
Country: nl, product: watch --> new items: 1
Country: at, product: iphone --> new items: 2
Country: at, product: macstudio --> new items: 1
Country: at, product: macbookpro --> new items: 9
Country: at, product: macbookair --> new items: 13
Country: at, product: watch --> new items: 1
Country: pl, product: macbookpro --> new items: 3
Country: cx, product: macbookpro --> new items: 8
Country: cx, product: macbookair --> new items: 2
Country: cx, product: watch --> new items: 1
Country: ch, product: macbookpro --> new items: 6
Country: ch, product: macbookair --> new items: 2
Country: ch, product: watch --> new items: 1
Country: us, product: ipad --> new items: 1
Country: us, product: iphone --> new items: 3
Country: us, product: imac --> new items: 1
Country: us, product: macbookpro --> new items: 1
Country: us, product: macbookair --> new items: 1
------------------------------------------------------------
Date: 2026/09/03 21:29:25
Country: bx, product: ipad --> new items: 1
Country: bx, product: iphone --> new items: 3
Country: bx, product: macbookpro --> new items: 1
Country: bx, product: watch --> new items: 4
Country: be, product: iphone --> new items: 3
Country: be, product: macbookpro --> new items: 1
Country: be, product: macbookair --> new items: 1
Country: be, product: watch --> new items: 4
Country: de, product: iphone --> new items: 3
Country: de, product: watch --> new items: 4
Country: es, product: ipad --> new items: 1
Country: it, product: ipad --> new items: 1
Country: it, product: macbookpro --> new items: 1
Country: nl, product: iphone --> new items: 3
Country: nl, product: macbookair --> new items: 2
Country: nl, product: watch --> new items: 4
Country: at, product: ipad --> new items: 1
Country: at, product: iphone --> new items: 3
Country: at, product: macbookpro --> new items: 1
Country: at, product: watch --> new items: 4
Country: pl, product: macbookair --> new items: 1
Country: cx, product: watch --> new items: 5
Country: ch, product: ipad --> new items: 1
Country: ch, product: watch --> new items: 4
Country: us, product: ipad --> new items: 1
------------------------------------------------------------
Date: 2026/09/03 23:39:32
Country: bx, product: watch --> new items: 1
Country: be, product: ipad --> new items: 1
Country: be, product: watch --> new items: 1
Country: ca, product: iphone --> new items: 1
Country: ca, product: mini --> new items: 1
Country: xf, product: iphone --> new items: 1
Country: de, product: ipad --> new items: 1
Country: de, product: macbookpro --> new items: 2
Country: de, product: watch --> new items: 1
Country: it, product: ipad --> new items: 1
Country: jp, product: iphone --> new items: 1
Country: nl, product: ipad --> new items: 1
Country: nl, product: watch --> new items: 1
Country: at, product: macbookpro --> new items: 1
Country: at, product: macbookair --> new items: 1
Country: at, product: watch --> new items: 1
Country: cx, product: ipad --> new items: 1
Country: cx, product: watch --> new items: 1
Country: ch, product: watch --> new items: 1
Country: us, product: iphone --> new items: 12
Country: us, product: mini --> new items: 1
------------------------------------------------------------
Date: 2026/09/04 01:52:03
Country: ca, product: mini --> new items: 1
Country: ca, product: macbookair --> new items: 1
Country: xf, product: mini --> new items: 2
Country: xf, product: macbookair --> new items: 7
Country: de, product: macbookair --> new items: 1
Country: us, product: mini --> new items: 1
Country: us, product: macbookair --> new items: 7
------------------------------------------------------------
Date: 2026/09/04 06:42:49
Country: au, product: macbookair --> new items: 2
Country: au, product: watch --> new items: 1
Country: ca, product: mini --> new items: 12
Country: ca, product: macbookpro --> new items: 26
Country: ca, product: macbookair --> new items: 13
Country: xf, product: mini --> new items: 12
Country: xf, product: macbookpro --> new items: 26
Country: xf, product: macbookair --> new items: 11
Country: fr, product: macbookair --> new items: 1
Country: it, product: macbookpro --> new items: 1
Country: jp, product: iphone --> new items: 2
Country: jp, product: macbookair --> new items: 1
Country: nz, product: macbookair --> new items: 2
Country: nz, product: watch --> new items: 1
Country: us, product: mini --> new items: 12
Country: us, product: macbookpro --> new items: 26
Country: us, product: macbookair --> new items: 11
------------------------------------------------------------
Date: 2026/09/04 11:51:52
Country: au, product: macbookpro --> new items: 9
Country: au, product: macbookair --> new items: 21
Country: bx, product: macbookair --> new items: 1
Country: be, product: macbookair --> new items: 1
Country: cn, product: macbookair --> new items: 1
Country: de, product: macbookair --> new items: 3
Country: fr, product: macbookair --> new items: 1
Country: ie, product: mini --> new items: 1
Country: nl, product: imac --> new items: 1
Country: nl, product: macbookpro --> new items: 4
Country: nz, product: macbookpro --> new items: 9
Country: nz, product: macbookair --> new items: 20
Country: at, product: macbookair --> new items: 4
Country: pl, product: macbookpro --> new items: 2
Country: pl, product: macbookair --> new items: 2
Country: cx, product: macbookpro --> new items: 4
Country: cx, product: macbookair --> new items: 1
Country: ch, product: macbookpro --> new items: 4
Country: ch, product: macbookair --> new items: 1
Country: uk, product: mini --> new items: 1
------------------------------------------------------------
Date: 2026/09/04 15:22:29
Country: bx, product: iphone --> new items: 1
Country: bx, product: macbookair --> new items: 2
Country: be, product: iphone --> new items: 1
Country: be, product: macbookair --> new items: 2
Country: de, product: iphone --> new items: 1
Country: de, product: macbookair --> new items: 5
Country: es, product: macbookpro --> new items: 1
Country: fr, product: macbookpro --> new items: 1
Country: it, product: macbookpro --> new items: 1
Country: nl, product: iphone --> new items: 1
Country: nl, product: macbookair --> new items: 1
Country: at, product: iphone --> new items: 1
Country: at, product: macbookair --> new items: 4
Country: pl, product: macbookair --> new items: 1
Country: us, product: iphone --> new items: 1
------------------------------------------------------------
Date: 2026/09/04 18:40:26
Country: bx, product: ipad --> new items: 1
Country: bx, product: iphone --> new items: 2
Country: bx, product: homepod --> new items: 1
Country: bx, product: macbookair --> new items: 1
Country: bx, product: watch --> new items: 1
Country: be, product: ipad --> new items: 1
Country: be, product: iphone --> new items: 2
Country: be, product: homepod --> new items: 1
Country: be, product: macbookair --> new items: 1
Country: be, product: watch --> new items: 1
Country: ca, product: macbookpro --> new items: 1
Country: xf, product: macbookpro --> new items: 1
Country: de, product: ipad --> new items: 1
Country: de, product: iphone --> new items: 2
Country: de, product: imac --> new items: 1
Country: de, product: macstudio --> new items: 1
Country: de, product: watch --> new items: 1
Country: es, product: ipad --> new items: 1
Country: es, product: homepod --> new items: 1
Country: it, product: ipad --> new items: 1
Country: it, product: homepod --> new items: 1
Country: nl, product: ipad --> new items: 1
Country: nl, product: iphone --> new items: 2
Country: nl, product: homepod --> new items: 1
Country: nl, product: watch --> new items: 1
Country: at, product: ipad --> new items: 1
Country: at, product: iphone --> new items: 2
Country: at, product: imac --> new items: 1
Country: at, product: macstudio --> new items: 1
Country: at, product: macbookair --> new items: 1
Country: at, product: watch --> new items: 1
Country: cx, product: ipad --> new items: 1
Country: cx, product: homepod --> new items: 1
Country: cx, product: watch --> new items: 1
Country: ch, product: ipad --> new items: 1
Country: ch, product: homepod --> new items: 1
Country: ch, product: watch --> new items: 1
Country: us, product: macbookpro --> new items: 1
------------------------------------------------------------
Date: 2026/09/04 21:08:11
Country: bx, product: ipad --> new items: 1
Country: bx, product: macbookair --> new items: 2
Country: be, product: ipad --> new items: 1
Country: be, product: macbookair --> new items: 2
Country: de, product: ipad --> new items: 1
Country: de, product: macbookair --> new items: 2
Country: es, product: ipad --> new items: 1
Country: fr, product: macbookair --> new items: 1
Country: it, product: ipad --> new items: 1
Country: nl, product: ipad --> new items: 1
Country: at, product: ipad --> new items: 1
Country: at, product: macbookair --> new items: 2
Country: cx, product: ipad --> new items: 1
Country: ch, product: ipad --> new items: 1
Country: us, product: iphone --> new items: 1
------------------------------------------------------------
Date: 2026/09/04 23:32:02
Country: bx, product: ipad --> new items: 1
Country: bx, product: iphone --> new items: 2
Country: bx, product: watch --> new items: 9
Country: be, product: ipad --> new items: 1
Country: be, product: iphone --> new items: 2
Country: be, product: watch --> new items: 9
Country: ca, product: imac --> new items: 1
Country: ca, product: macbookair --> new items: 4
Country: xf, product: imac --> new items: 1
Country: xf, product: macbookair --> new items: 4
Country: de, product: ipad --> new items: 1
Country: de, product: iphone --> new items: 2
Country: de, product: macbookair --> new items: 1
Country: de, product: watch --> new items: 9
Country: es, product: ipad --> new items: 1
Country: fr, product: iphone --> new items: 1
Country: fr, product: macbookair --> new items: 1
Country: it, product: ipad --> new items: 1
Country: nl, product: ipad --> new items: 1
Country: nl, product: iphone --> new items: 2
Country: nl, product: macbookpro --> new items: 1
Country: nl, product: macbookair --> new items: 1
Country: nl, product: watch --> new items: 9
Country: at, product: ipad --> new items: 1
Country: at, product: iphone --> new items: 1
Country: at, product: macbookair --> new items: 1
Country: at, product: watch --> new items: 9
Country: cx, product: ipad --> new items: 1
Country: cx, product: watch --> new items: 9
Country: ch, product: ipad --> new items: 1
Country: ch, product: watch --> new items: 9
Country: us, product: imac --> new items: 1
------------------------------------------------------------
Date: 2026/09/05 01:53:08
Country: ca, product: macbookpro --> new items: 1
Country: xf, product: macbookpro --> new items: 1
Country: at, product: iphone --> new items: 1
Country: us, product: iphone --> new items: 3
Country: us, product: macbookpro --> new items: 1
Country: us, product: macbookair --> new items: 1
------------------------------------------------------------
Date: 2026/09/05 06:28:32
Country: ca, product: macbookpro --> new items: 1
Country: xf, product: macbookpro --> new items: 1
Country: de, product: macbookair --> new items: 1
Country: at, product: macbookair --> new items: 1
Country: us, product: macbookpro --> new items: 1
------------------------------------------------------------
Date: 2026/09/05 11:00:57
Country: au, product: macbookair --> new items: 1
Country: bx, product: ipad --> new items: 2
Country: bx, product: iphone --> new items: 3
Country: be, product: ipad --> new items: 2
Country: be, product: iphone --> new items: 4
Country: ca, product: macstudio --> new items: 1
Country: ca, product: macbookair --> new items: 1
Country: xf, product: macbookair --> new items: 1
Country: cn, product: macbookpro --> new items: 1
Country: de, product: ipad --> new items: 2
Country: de, product: iphone --> new items: 3
Country: de, product: macbookpro --> new items: 2
Country: de, product: macbookair --> new items: 5
Country: es, product: ipad --> new items: 1
Country: fr, product: macbookair --> new items: 1
Country: it, product: ipad --> new items: 2
Country: nl, product: ipad --> new items: 2
Country: nl, product: iphone --> new items: 4
Country: nz, product: macbookair --> new items: 1
Country: at, product: ipad --> new items: 2
Country: at, product: iphone --> new items: 3
Country: at, product: macbookpro --> new items: 2
Country: at, product: macbookair --> new items: 5
Country: cx, product: ipad --> new items: 2
Country: ch, product: ipad --> new items: 2
Country: us, product: macstudio --> new items: 1
Country: us, product: macbookair --> new items: 1
------------------------------------------------------------
Date: 2026/09/05 14:09:56
Country: bx, product: ipad --> new items: 1
Country: bx, product: iphone --> new items: 2
Country: be, product: ipad --> new items: 1
Country: be, product: iphone --> new items: 2
Country: ca, product: macbookair --> new items: 1
Country: xf, product: macbookair --> new items: 1
Country: de, product: ipad --> new items: 1
Country: de, product: iphone --> new items: 2
Country: de, product: imac --> new items: 1
Country: de, product: macbookair --> new items: 3
Country: es, product: ipad --> new items: 1
Country: nl, product: iphone --> new items: 2
Country: at, product: ipad --> new items: 1
Country: at, product: iphone --> new items: 2
Country: at, product: imac --> new items: 1
Country: at, product: macbookair --> new items: 3
Country: pl, product: macbookair --> new items: 1
Country: us, product: macbookair --> new items: 1
------------------------------------------------------------
Date: 2026/09/05 16:59:44
Country: bx, product: ipad --> new items: 1
Country: bx, product: iphone --> new items: 1
Country: bx, product: macbookair --> new items: 2
Country: be, product: ipad --> new items: 1
Country: be, product: iphone --> new items: 1
Country: be, product: macbookair --> new items: 2
Country: ca, product: macbookpro --> new items: 1
Country: xf, product: macbookpro --> new items: 1
Country: de, product: ipad --> new items: 1
Country: de, product: iphone --> new items: 1
Country: de, product: macbookair --> new items: 3
Country: es, product: ipad --> new items: 1
Country: fr, product: macbookair --> new items: 1
Country: it, product: ipad --> new items: 1
Country: nl, product: ipad --> new items: 1
Country: nl, product: iphone --> new items: 1
Country: at, product: ipad --> new items: 1
Country: at, product: iphone --> new items: 1
Country: at, product: macbookair --> new items: 3
Country: cx, product: ipad --> new items: 1
Country: ch, product: ipad --> new items: 1
Country: us, product: macbookpro --> new items: 1
------------------------------------------------------------
Date: 2026/09/05 18:49:28
Country: bx, product: ipad --> new items: 2
Country: be, product: ipad --> new items: 2
Country: be, product: atv --> new items: 1
Country: ca, product: iphone --> new items: 1
Country: ca, product: macbookpro --> new items: 1
Country: xf, product: iphone --> new items: 1
Country: de, product: ipad --> new items: 2
Country: de, product: macbookair --> new items: 1
Country: de, product: atv --> new items: 1
Country: es, product: ipad --> new items: 2
Country: es, product: macbookpro --> new items: 1
Country: fr, product: macbookpro --> new items: 1
Country: it, product: ipad --> new items: 2
Country: nl, product: ipad --> new items: 2
Country: at, product: ipad --> new items: 2
Country: at, product: macbookair --> new items: 1
Country: cx, product: ipad --> new items: 2
Country: ch, product: ipad --> new items: 2
Country: ch, product: atv --> new items: 1
------------------------------------------------------------
Date: 2026/09/05 20:48:32
Country: de, product: macbookair --> new items: 3
Country: fr, product: iphone --> new items: 1
Country: fr, product: macbookpro --> new items: 1
Country: at, product: macbookair --> new items: 4
Country: sg, product: macbookpro --> new items: 1
------------------------------------------------------------
Date: 2026/09/05 22:27:29
Country: bx, product: macbookair --> new items: 1
Country: be, product: macbookair --> new items: 1
Country: ca, product: mini --> new items: 1
Country: xf, product: mini --> new items: 1
Country: de, product: macbookair --> new items: 1
Country: es, product: macbookpro --> new items: 1
Country: it, product: ipad --> new items: 1
Country: nl, product: ipad --> new items: 1
Country: us, product: mini --> new items: 1
------------------------------------------------------------
Date: 2026/09/06 00:21:41
No new entries.
------------------------------------------------------------
Date: 2026/09/06 05:16:20
Country: jp, product: macbookpro --> new items: 1
------------------------------------------------------------
Date: 2026/09/06 09:51:57
Country: bx, product: ipad --> new items: 1
Country: bx, product: iphone --> new items: 2
Country: be, product: ipad --> new items: 1
Country: be, product: iphone --> new items: 2
Country: cn, product: macbookpro --> new items: 2
Country: de, product: ipad --> new items: 1
Country: de, product: iphone --> new items: 2
Country: de, product: macbookpro --> new items: 1
Country: de, product: macbookair --> new items: 1
Country: es, product: ipad --> new items: 1
Country: it, product: ipad --> new items: 2
Country: jp, product: macbookpro --> new items: 1
Country: nl, product: ipad --> new items: 1
Country: nl, product: iphone --> new items: 1
Country: at, product: ipad --> new items: 1
Country: at, product: iphone --> new items: 2
Country: at, product: macbookpro --> new items: 1
Country: at, product: macbookair --> new items: 1
Country: cx, product: ipad --> new items: 1
Country: ch, product: ipad --> new items: 2
Country: us, product: ipad --> new items: 1
------------------------------------------------------------
Date: 2026/09/06 13:16:30
Country: bx, product: ipad --> new items: 1
Country: bx, product: iphone --> new items: 2
Country: be, product: ipad --> new items: 1
Country: be, product: iphone --> new items: 2
Country: de, product: iphone --> new items: 2
Country: de, product: macbookair --> new items: 3
Country: es, product: ipad --> new items: 1
Country: es, product: macbookpro --> new items: 1
Country: jp, product: iphone --> new items: 1
Country: nl, product: ipad --> new items: 1
Country: nl, product: iphone --> new items: 3
Country: at, product: ipad --> new items: 1
Country: at, product: iphone --> new items: 2
Country: at, product: macbookair --> new items: 2
Country: cx, product: ipad --> new items: 1
------------------------------------------------------------
Date: 2026/09/06 16:33:12
Country: bx, product: ipad --> new items: 1
Country: bx, product: homepod --> new items: 1
Country: be, product: ipad --> new items: 1
Country: be, product: homepod --> new items: 1
Country: es, product: ipad --> new items: 1
Country: es, product: homepod --> new items: 1
Country: it, product: ipad --> new items: 1
Country: it, product: homepod --> new items: 1
Country: nl, product: ipad --> new items: 1
Country: nl, product: homepod --> new items: 1
Country: at, product: ipad --> new items: 1
Country: cx, product: ipad --> new items: 1
Country: cx, product: homepod --> new items: 1
Country: ch, product: ipad --> new items: 1
Country: ch, product: homepod --> new items: 1
Country: uk, product: ipad --> new items: 1
------------------------------------------------------------
Date: 2026/09/06 18:44:28
Country: bx, product: ipad --> new items: 1
Country: bx, product: watch --> new items: 1
Country: be, product: ipad --> new items: 1
Country: be, product: watch --> new items: 1
Country: ca, product: macbookair --> new items: 1
Country: xf, product: macbookair --> new items: 1
Country: de, product: ipad --> new items: 1
Country: de, product: macbookair --> new items: 1
Country: de, product: watch --> new items: 1
Country: es, product: ipad --> new items: 1
Country: it, product: ipad --> new items: 1
Country: nl, product: ipad --> new items: 1
Country: nl, product: watch --> new items: 1
Country: at, product: ipad --> new items: 1
Country: at, product: macbookair --> new items: 1
Country: at, product: watch --> new items: 1
Country: cx, product: ipad --> new items: 1
Country: cx, product: watch --> new items: 1
Country: ch, product: ipad --> new items: 1
Country: ch, product: watch --> new items: 1
Country: us, product: macbookair --> new items: 1
------------------------------------------------------------
Date: 2026/09/06 20:56:13
Country: us, product: ipad --> new items: 1
------------------------------------------------------------
Date: 2026/09/06 22:34:43
Country: au, product: macbookair --> new items: 1
Country: de, product: macbookair --> new items: 1
Country: es, product: macbookair --> new items: 1
Country: nz, product: macbookair --> new items: 1
Country: at, product: macbookair --> new items: 1
------------------------------------------------------------
Date: 2026/09/07 00:27:52
Country: xf, product: macbookpro --> new items: 1
Country: us, product: macbookpro --> new items: 1
------------------------------------------------------------
Date: 2026/09/07 05:25:09
Country: ca, product: macbookpro --> new items: 1
Country: cn, product: macbookpro --> new items: 1
Country: jp, product: macbookpro --> new items: 1
------------------------------------------------------------
Date: 2026/09/07 10:58:21
Country: bx, product: ipad --> new items: 1
Country: bx, product: iphone --> new items: 2
Country: be, product: ipad --> new items: 1
Country: be, product: iphone --> new items: 2
Country: cn, product: macstudio --> new items: 4
Country: cn, product: mini --> new items: 2
Country: de, product: ipad --> new items: 1
Country: de, product: iphone --> new items: 2
Country: de, product: imac --> new items: 1
Country: de, product: macbookair --> new items: 1
Country: es, product: macbookair --> new items: 1
Country: hk, product: macbookpro --> new items: 11
Country: ie, product: macbookpro --> new items: 1
Country: jp, product: macstudio --> new items: 5
Country: jp, product: macbookpro --> new items: 11
Country: jp, product: macbookair --> new items: 8
Country: nl, product: iphone --> new items: 2
Country: at, product: ipad --> new items: 1
Country: at, product: iphone --> new items: 2
Country: at, product: imac --> new items: 1
Country: at, product: macbookair --> new items: 1
Country: ch, product: ipad --> new items: 1
Country: uk, product: macbookpro --> new items: 1
------------------------------------------------------------
Date: 2026/09/07 16:15:55
Country: bx, product: ipad --> new items: 2
Country: bx, product: iphone --> new items: 1
Country: bx, product: macbookair --> new items: 3
Country: bx, product: watch --> new items: 2
Country: bx, product: atv --> new items: 1
Country: be, product: ipad --> new items: 2
Country: be, product: iphone --> new items: 1
Country: be, product: macbookair --> new items: 3
Country: be, product: watch --> new items: 2
Country: be, product: atv --> new items: 1
Country: cn, product: macstudio --> new items: 1
Country: de, product: ipad --> new items: 2
Country: de, product: iphone --> new items: 1
Country: de, product: macbookpro --> new items: 12
Country: de, product: macbookair --> new items: 10
Country: de, product: watch --> new items: 2
Country: de, product: atv --> new items: 1
Country: es, product: ipad --> new items: 2
Country: es, product: macbookpro --> new items: 2
Country: fr, product: macbookpro --> new items: 10
Country: fr, product: macbookair --> new items: 8
Country: ie, product: macbookpro --> new items: 27
Country: ie, product: macbookair --> new items: 11
Country: it, product: ipad --> new items: 2
Country: it, product: macbookpro --> new items: 2
Country: jp, product: iphone --> new items: 1
Country: nl, product: ipad --> new items: 2
Country: nl, product: iphone --> new items: 1
Country: nl, product: macbookpro --> new items: 1
Country: nl, product: watch --> new items: 2
Country: nl, product: atv --> new items: 1
Country: at, product: ipad --> new items: 2
Country: at, product: iphone --> new items: 1
Country: at, product: macbookpro --> new items: 12
Country: at, product: macbookair --> new items: 10
Country: at, product: watch --> new items: 2
Country: at, product: atv --> new items: 1
Country: pl, product: macbookpro --> new items: 1
Country: pl, product: macbookair --> new items: 1
Country: cx, product: ipad --> new items: 2
Country: cx, product: macbookpro --> new items: 2
Country: cx, product: macbookair --> new items: 1
Country: cx, product: watch --> new items: 2
Country: cx, product: atv --> new items: 1
Country: ch, product: ipad --> new items: 2
Country: ch, product: macbookpro --> new items: 2
Country: ch, product: macbookair --> new items: 1
Country: ch, product: watch --> new items: 2
Country: ch, product: atv --> new items: 1
Country: tw, product: macstudio --> new items: 1
Country: uk, product: iphone --> new items: 1
Country: uk, product: macbookpro --> new items: 27
Country: uk, product: macbookair --> new items: 11
------------------------------------------------------------
Date: 2026/09/07 20:15:30
Country: au, product: macbookair --> new items: 1
Country: bx, product: iphone --> new items: 2
Country: bx, product: macbookpro --> new items: 2
Country: bx, product: atv --> new items: 1
Country: be, product: iphone --> new items: 1
Country: be, product: macbookpro --> new items: 2
Country: be, product: atv --> new items: 1
Country: ca, product: imac --> new items: 1
Country: xf, product: imac --> new items: 1
Country: cn, product: macbookpro --> new items: 1
Country: de, product: iphone --> new items: 2
Country: de, product: macbookair --> new items: 1
Country: de, product: atv --> new items: 1
Country: es, product: ipad --> new items: 1
Country: es, product: macbookpro --> new items: 1
Country: fr, product: macbookpro --> new items: 2
Country: ie, product: macbookpro --> new items: 9
Country: ie, product: macbookair --> new items: 1
Country: nl, product: iphone --> new items: 1
Country: nl, product: macbookpro --> new items: 1
Country: nl, product: atv --> new items: 1
Country: nz, product: macbookair --> new items: 1
Country: at, product: iphone --> new items: 2
Country: at, product: macbookair --> new items: 1
Country: at, product: atv --> new items: 1
Country: pl, product: macbookair --> new items: 1
Country: cx, product: macbookpro --> new items: 5
Country: cx, product: atv --> new items: 1
Country: ch, product: macbookpro --> new items: 5
Country: ch, product: atv --> new items: 1
Country: uk, product: macbookpro --> new items: 9
Country: uk, product: macbookair --> new items: 1
Country: us, product: imac --> new items: 1
------------------------------------------------------------
Date: 2026/09/07 23:08:38
Country: bx, product: ipad --> new items: 2
Country: bx, product: iphone --> new items: 1
Country: be, product: ipad --> new items: 2
Country: be, product: iphone --> new items: 1
Country: de, product: ipad --> new items: 2
Country: de, product: iphone --> new items: 1
Country: de, product: imac --> new items: 1
Country: de, product: macbookair --> new items: 1
Country: es, product: ipad --> new items: 2
Country: it, product: ipad --> new items: 2
Country: nl, product: ipad --> new items: 2
Country: nl, product: iphone --> new items: 1
Country: at, product: ipad --> new items: 2
Country: at, product: iphone --> new items: 1
Country: at, product: imac --> new items: 1
Country: at, product: macbookair --> new items: 1
Country: cx, product: ipad --> new items: 2
Country: ch, product: ipad --> new items: 2
------------------------------------------------------------
Date: 2026/09/08 01:56:05
Country: de, product: macbookpro --> new items: 1
Country: at, product: macbookpro --> new items: 1
Country: us, product: iphone --> new items: 1
------------------------------------------------------------
Date: 2026/09/08 06:45:38
Country: cn, product: macbookair --> new items: 6
Country: jp, product: imac --> new items: 21
Country: nl, product: macbookpro --> new items: 1
Country: sg, product: macbookpro --> new items: 20
Country: sg, product: macbookair --> new items: 6
------------------------------------------------------------
Date: 2026/09/08 11:52:32
Country: au, product: macbookpro --> new items: 1
Country: bx, product: iphone --> new items: 1
Country: bx, product: watch --> new items: 1
Country: be, product: iphone --> new items: 1
Country: be, product: watch --> new items: 1
Country: cn, product: macbookpro --> new items: 46
Country: cn, product: macbookair --> new items: 18
Country: de, product: iphone --> new items: 1
Country: de, product: imac --> new items: 1
Country: de, product: watch --> new items: 1
Country: ie, product: imac --> new items: 14
Country: ie, product: macbookpro --> new items: 11
Country: nl, product: iphone --> new items: 1
Country: nl, product: macbookpro --> new items: 1
Country: nl, product: watch --> new items: 1
Country: nz, product: macbookpro --> new items: 1
Country: at, product: iphone --> new items: 1
Country: at, product: imac --> new items: 1
Country: at, product: macbookpro --> new items: 1
Country: at, product: watch --> new items: 1
Country: pl, product: macbookair --> new items: 1
Country: cx, product: watch --> new items: 1
Country: ch, product: watch --> new items: 1
Country: uk, product: imac --> new items: 14
Country: uk, product: macbookpro --> new items: 11
------------------------------------------------------------
Date: 2026/09/08 15:36:16
Country: au, product: mini --> new items: 13
Country: au, product: macbookpro --> new items: 15
Country: au, product: macbookair --> new items: 4
Country: bx, product: iphone --> new items: 2
Country: be, product: iphone --> new items: 2
Country: ca, product: macbookpro --> new items: 3
Country: xf, product: macbookpro --> new items: 3
Country: cn, product: macbookair --> new items: 1
Country: de, product: iphone --> new items: 2
Country: de, product: macbookpro --> new items: 2
Country: es, product: macbookair --> new items: 1
Country: ie, product: imac --> new items: 3
Country: ie, product: macbookpro --> new items: 1
Country: nl, product: iphone --> new items: 2
Country: nz, product: mini --> new items: 13
Country: nz, product: macbookpro --> new items: 15
Country: nz, product: macbookair --> new items: 4
Country: at, product: iphone --> new items: 2
Country: at, product: macbookpro --> new items: 1
Country: kr, product: ipad --> new items: 1
Country: kr, product: macbookpro --> new items: 1
Country: uk, product: imac --> new items: 3
Country: uk, product: macbookpro --> new items: 1
Country: us, product: iphone --> new items: 6
Country: us, product: macbookpro --> new items: 3
------------------------------------------------------------
Date: 2026/09/08 19:06:56
Country: bx, product: macbookpro --> new items: 1
Country: bx, product: watch --> new items: 3
Country: bx, product: acc --> new items: 1
Country: be, product: macbookpro --> new items: 1
Country: be, product: watch --> new items: 3
Country: be, product: acc --> new items: 1
Country: ca, product: imac --> new items: 23
Country: xf, product: imac --> new items: 25
Country: xf, product: macbookpro --> new items: 1
Country: de, product: mini --> new items: 1
Country: de, product: watch --> new items: 3
Country: de, product: acc --> new items: 1
Country: es, product: acc --> new items: 1
Country: ie, product: mini --> new items: 1
Country: ie, product: macbookpro --> new items: 3
Country: it, product: acc --> new items: 1
Country: nl, product: watch --> new items: 3
Country: nl, product: acc --> new items: 1
Country: at, product: watch --> new items: 3
Country: at, product: acc --> new items: 1
Country: pl, product: acc --> new items: 1
Country: cx, product: watch --> new items: 3
Country: cx, product: acc --> new items: 1
Country: ch, product: watch --> new items: 3
Country: ch, product: acc --> new items: 1
Country: uk, product: macbookpro --> new items: 3
Country: us, product: imac --> new items: 23
------------------------------------------------------------
Date: 2026/09/08 22:08:08
Country: au, product: macbookpro --> new items: 1
Country: bx, product: ipad --> new items: 1
Country: bx, product: iphone --> new items: 1
Country: bx, product: atv --> new items: 1
Country: be, product: ipad --> new items: 1
Country: be, product: iphone --> new items: 1
Country: be, product: atv --> new items: 1
Country: ca, product: imac --> new items: 19
Country: ca, product: macbookpro --> new items: 5
Country: ca, product: macbookair --> new items: 32
Country: xf, product: imac --> new items: 19
Country: xf, product: macbookpro --> new items: 6
Country: xf, product: macbookair --> new items: 32
Country: de, product: ipad --> new items: 1
Country: de, product: iphone --> new items: 1
Country: de, product: macbookpro --> new items: 1
Country: de, product: macbookair --> new items: 2
Country: de, product: atv --> new items: 1
Country: es, product: ipad --> new items: 1
Country: fr, product: macbookpro --> new items: 1
Country: ie, product: macbookpro --> new items: 2
Country: it, product: ipad --> new items: 1
Country: nl, product: ipad --> new items: 1
Country: nl, product: iphone --> new items: 1
Country: nl, product: macbookair --> new items: 1
Country: nl, product: atv --> new items: 1
Country: nz, product: macbookpro --> new items: 1
Country: at, product: ipad --> new items: 1
Country: at, product: iphone --> new items: 1
Country: at, product: macbookpro --> new items: 1
Country: at, product: macbookair --> new items: 2
Country: at, product: atv --> new items: 1
Country: sg, product: macbookpro --> new items: 1
Country: cx, product: ipad --> new items: 1
Country: cx, product: atv --> new items: 1
Country: ch, product: ipad --> new items: 1
Country: ch, product: atv --> new items: 1
Country: uk, product: macbookpro --> new items: 2
Country: us, product: ipad --> new items: 1
Country: us, product: iphone --> new items: 4
Country: us, product: imac --> new items: 18
Country: us, product: macbookpro --> new items: 5
Country: us, product: macbookair --> new items: 32
------------------------------------------------------------
Date: 2026/09/09 00:49:21
Country: bx, product: ipad --> new items: 1
Country: bx, product: iphone --> new items: 1
Country: bx, product: macbookair --> new items: 1
Country: be, product: ipad --> new items: 1
Country: be, product: iphone --> new items: 1
Country: be, product: macbookair --> new items: 1
Country: ca, product: imac --> new items: 14
Country: ca, product: macbookpro --> new items: 1
Country: xf, product: imac --> new items: 12
Country: xf, product: macbookpro --> new items: 1
Country: de, product: ipad --> new items: 1
Country: de, product: iphone --> new items: 1
Country: es, product: ipad --> new items: 1
Country: it, product: ipad --> new items: 1
Country: jp, product: macbookpro --> new items: 1
Country: nl, product: ipad --> new items: 1
Country: nl, product: iphone --> new items: 1
Country: at, product: ipad --> new items: 1
Country: at, product: iphone --> new items: 1
Country: cx, product: ipad --> new items: 1
Country: ch, product: ipad --> new items: 1
Country: uk, product: ipad --> new items: 1
Country: us, product: imac --> new items: 14
Country: us, product: macbookpro --> new items: 1
Country: us, product: macbookair --> new items: 2
------------------------------------------------------------
Date: 2026/09/09 05:30:33
Country: au, product: macbookpro --> new items: 5
Country: au, product: macbookair --> new items: 7
Country: ca, product: imac --> new items: 3
Country: ca, product: mini --> new items: 2
Country: ca, product: macbookpro --> new items: 5
Country: ca, product: macbookair --> new items: 15
Country: xf, product: imac --> new items: 3
Country: xf, product: mini --> new items: 2
Country: xf, product: macbookpro --> new items: 5
Country: xf, product: macbookair --> new items: 16
Country: de, product: ipad --> new items: 1
Country: es, product: ipad --> new items: 1
Country: nz, product: macbookpro --> new items: 24
Country: nz, product: macbookair --> new items: 25
Country: us, product: imac --> new items: 3
Country: us, product: mini --> new items: 2
Country: us, product: macbookpro --> new items: 5
Country: us, product: macbookair --> new items: 14
------------------------------------------------------------
Date: 2026/09/09 10:19:20
Country: au, product: macbookpro --> new items: 14
Country: au, product: macbookair --> new items: 9
Country: cn, product: watch --> new items: 1
Country: de, product: macbookpro --> new items: 1
Country: de, product: macbookair --> new items: 1
Country: es, product: macbookair --> new items: 1
Country: ie, product: macbookpro --> new items: 2
Country: ie, product: macbookair --> new items: 6
Country: jp, product: imac --> new items: 1
Country: jp, product: mini --> new items: 9
Country: jp, product: macbookpro --> new items: 3
Country: jp, product: macbookair --> new items: 14
Country: nl, product: macbookair --> new items: 1
Country: at, product: macbookpro --> new items: 1
Country: at, product: macbookair --> new items: 2
Country: sg, product: macbookpro --> new items: 2
Country: cx, product: macstudio --> new items: 1
Country: ch, product: macstudio --> new items: 1
Country: tw, product: mini --> new items: 9
Country: tw, product: macbookpro --> new items: 33
Country: tw, product: macbookair --> new items: 25
Country: tw, product: atv --> new items: 1
Country: uk, product: macbookpro --> new items: 2
Country: uk, product: macbookair --> new items: 8
Country: us, product: macbookpro --> new items: 1
------------------------------------------------------------
Date: 2026/09/09 14:53:18
Country: de, product: macbookpro --> new items: 1
Country: at, product: macbookpro --> new items: 1
------------------------------------------------------------
Date: 2026/09/09 18:07:49
No new entries.
------------------------------------------------------------
Date: 2026/09/09 21:20:54
Country: au, product: watch --> new items: 63
Country: bx, product: ipad --> new items: 2
Country: bx, product: iphone --> new items: 14
Country: bx, product: macbookpro --> new items: 1
Country: bx, product: watch --> new items: 31
Country: be, product: ipad --> new items: 2
Country: be, product: iphone --> new items: 15
Country: be, product: macbookpro --> new items: 1
Country: be, product: watch --> new items: 31
Country: ca, product: ipad --> new items: 3
Country: ca, product: iphone --> new items: 4
Country: ca, product: imac --> new items: 1
Country: ca, product: mini --> new items: 2
Country: ca, product: macbookpro --> new items: 2
Country: ca, product: macbookair --> new items: 11
Country: xf, product: ipad --> new items: 3
Country: xf, product: iphone --> new items: 4
Country: xf, product: imac --> new items: 1
Country: xf, product: mini --> new items: 1
Country: xf, product: macbookpro --> new items: 2
Country: xf, product: macbookair --> new items: 11
Country: cn, product: watch --> new items: 25
Country: de, product: ipad --> new items: 2
Country: de, product: iphone --> new items: 14
Country: de, product: mini --> new items: 1
Country: de, product: macbookpro --> new items: 1
Country: de, product: macbookair --> new items: 2
Country: de, product: watch --> new items: 35
Country: es, product: ipad --> new items: 2
Country: es, product: iphone --> new items: 30
Country: es, product: macbookpro --> new items: 2
Country: fr, product: iphone --> new items: 18
Country: hk, product: watch --> new items: 35
Country: ie, product: iphone --> new items: 2
Country: ie, product: watch --> new items: 26
Country: it, product: ipad --> new items: 2
Country: it, product: iphone --> new items: 30
Country: jp, product: watch --> new items: 27
Country: nl, product: ipad --> new items: 2
Country: nl, product: iphone --> new items: 14
Country: nl, product: macbookair --> new items: 2
Country: nl, product: watch --> new items: 31
Country: nz, product: watch --> new items: 63
Country: at, product: ipad --> new items: 2
Country: at, product: iphone --> new items: 14
Country: at, product: macbookpro --> new items: 1
Country: at, product: macbookair --> new items: 2
Country: at, product: watch --> new items: 35
Country: pl, product: macbookair --> new items: 1
Country: sg, product: watch --> new items: 38
Country: cx, product: ipad --> new items: 2
Country: cx, product: iphone --> new items: 30
Country: cx, product: watch --> new items: 35
Country: ch, product: ipad --> new items: 2
Country: ch, product: iphone --> new items: 30
Country: ch, product: watch --> new items: 35
Country: uk, product: iphone --> new items: 32
Country: uk, product: watch --> new items: 36
Country: us, product: iphone --> new items: 3
Country: us, product: imac --> new items: 1
Country: us, product: mini --> new items: 2
Country: us, product: macbookpro --> new items: 2
Country: us, product: macbookair --> new items: 9
Country: us, product: watch --> new items: 61
------------------------------------------------------------
Date: 2026/09/09 23:38:46
Country: bx, product: ipad --> new items: 1
Country: bx, product: iphone --> new items: 1
Country: be, product: ipad --> new items: 1
Country: ca, product: macbookair --> new items: 1
Country: de, product: ipad --> new items: 1
Country: de, product: iphone --> new items: 1
Country: de, product: mini --> new items: 2
Country: es, product: ipad --> new items: 1
Country: fr, product: macbookpro --> new items: 1
Country: it, product: ipad --> new items: 1
Country: jp, product: mini --> new items: 2
Country: nl, product: ipad --> new items: 1
Country: nl, product: iphone --> new items: 1
Country: at, product: ipad --> new items: 1
Country: at, product: iphone --> new items: 1
Country: at, product: mini --> new items: 2
Country: cx, product: ipad --> new items: 1
Country: ch, product: ipad --> new items: 1
Country: us, product: macbookair --> new items: 2
------------------------------------------------------------
Date: 2026/09/10 01:58:07
No new entries.
------------------------------------------------------------
Date: 2026/09/10 06:58:28
Country: cn, product: macbookpro --> new items: 1
Country: de, product: macbookair --> new items: 1
Country: at, product: macbookair --> new items: 1
------------------------------------------------------------
Date: 2026/09/10 12:02:48
Country: bx, product: ipad --> new items: 1
Country: bx, product: iphone --> new items: 2
Country: bx, product: mini --> new items: 1
Country: bx, product: watch --> new items: 1
Country: be, product: ipad --> new items: 1
Country: be, product: iphone --> new items: 2
Country: be, product: mini --> new items: 1
Country: be, product: watch --> new items: 1
Country: cn, product: macbookpro --> new items: 1
Country: cn, product: watch --> new items: 2
Country: cn, product: acc --> new items: 1
Country: de, product: ipad --> new items: 1
Country: de, product: iphone --> new items: 2
Country: de, product: mini --> new items: 3
Country: de, product: macbookpro --> new items: 3
Country: de, product: macbookair --> new items: 2
Country: de, product: watch --> new items: 1
Country: es, product: ipad --> new items: 1
Country: it, product: ipad --> new items: 1
Country: nl, product: ipad --> new items: 1
Country: nl, product: iphone --> new items: 2
Country: nl, product: mini --> new items: 1
Country: nl, product: watch --> new items: 1
Country: at, product: ipad --> new items: 1
Country: at, product: iphone --> new items: 2
Country: at, product: mini --> new items: 3
Country: at, product: macbookpro --> new items: 3
Country: at, product: macbookair --> new items: 1
Country: at, product: watch --> new items: 1
Country: pl, product: macbookair --> new items: 1
Country: cx, product: ipad --> new items: 1
Country: cx, product: watch --> new items: 1
Country: ch, product: ipad --> new items: 1
Country: ch, product: watch --> new items: 1
------------------------------------------------------------
Date: 2026/09/10 16:43:57
Country: au, product: macbookpro --> new items: 1
Country: bx, product: iphone --> new items: 1
Country: bx, product: watch --> new items: 2
Country: be, product: iphone --> new items: 1
Country: be, product: watch --> new items: 2
Country: cn, product: macbookpro --> new items: 1
Country: de, product: iphone --> new items: 1
Country: de, product: mini --> new items: 1
Country: de, product: macbookpro --> new items: 3
Country: de, product: watch --> new items: 2
Country: es, product: macbookpro --> new items: 1
Country: fr, product: mini --> new items: 1
Country: nl, product: iphone --> new items: 1
Country: nl, product: macbookair --> new items: 1
Country: nl, product: watch --> new items: 2
Country: nz, product: macbookpro --> new items: 1
Country: at, product: iphone --> new items: 1
Country: at, product: mini --> new items: 1
Country: at, product: macbookpro --> new items: 3
Country: at, product: macbookair --> new items: 1
Country: at, product: watch --> new items: 2
Country: pl, product: macbookair --> new items: 2
Country: kr, product: macbookpro --> new items: 1
Country: cx, product: watch --> new items: 2
Country: ch, product: watch --> new items: 2
Country: us, product: macstudio --> new items: 1
------------------------------------------------------------
Date: 2026/09/10 19:19:37
Country: bx, product: iphone --> new items: 1
Country: bx, product: watch --> new items: 1
Country: be, product: iphone --> new items: 1
Country: be, product: watch --> new items: 1
Country: ca, product: imac --> new items: 1
Country: ca, product: macbookpro --> new items: 1
Country: ca, product: macbookair --> new items: 2
Country: xf, product: imac --> new items: 1
Country: xf, product: macbookpro --> new items: 1
Country: xf, product: macbookair --> new items: 2
Country: cn, product: watch --> new items: 1
Country: de, product: iphone --> new items: 1
Country: de, product: watch --> new items: 1
Country: es, product: macbookpro --> new items: 1
Country: nl, product: iphone --> new items: 1
Country: nl, product: macbookair --> new items: 1
Country: nl, product: watch --> new items: 1
Country: at, product: iphone --> new items: 1
Country: at, product: watch --> new items: 1
Country: cx, product: watch --> new items: 1
Country: ch, product: watch --> new items: 1
Country: uk, product: macbookair --> new items: 1
Country: us, product: imac --> new items: 1
Country: us, product: macbookpro --> new items: 1
Country: us, product: macbookair --> new items: 2
------------------------------------------------------------
Date: 2026/09/10 22:02:33
Country: bx, product: macbookpro --> new items: 3
Country: bx, product: macbookair --> new items: 1
Country: be, product: macbookpro --> new items: 3
Country: be, product: macbookair --> new items: 1
Country: ca, product: imac --> new items: 18
Country: ca, product: macbookpro --> new items: 5
Country: ca, product: macbookair --> new items: 5
Country: xf, product: imac --> new items: 18
Country: xf, product: macbookpro --> new items: 5
Country: xf, product: macbookair --> new items: 4
Country: de, product: macstudio --> new items: 3
Country: de, product: macbookpro --> new items: 7
Country: de, product: macbookair --> new items: 7
Country: es, product: macbookpro --> new items: 8
Country: es, product: macbookair --> new items: 15
Country: fr, product: macstudio --> new items: 6
Country: fr, product: macbookpro --> new items: 14
Country: fr, product: macbookair --> new items: 15
Country: it, product: macbookpro --> new items: 6
Country: it, product: macbookair --> new items: 9
Country: nl, product: macbookpro --> new items: 8
Country: nl, product: macbookair --> new items: 4
Country: at, product: macstudio --> new items: 3
Country: at, product: macbookpro --> new items: 9
Country: at, product: macbookair --> new items: 7
Country: pl, product: macstudio --> new items: 1
Country: pl, product: macbookpro --> new items: 4
Country: cx, product: macbookpro --> new items: 3
Country: cx, product: macbookair --> new items: 3
Country: ch, product: macbookpro --> new items: 3
Country: ch, product: macbookair --> new items: 3
Country: us, product: imac --> new items: 18
Country: us, product: macbookpro --> new items: 5
Country: us, product: macbookair --> new items: 5
------------------------------------------------------------
Date: 2026/09/11 00:38:56
Country: bx, product: iphone --> new items: 1
Country: be, product: iphone --> new items: 1
Country: ca, product: imac --> new items: 2
Country: ca, product: macbookpro --> new items: 1
Country: ca, product: macbookair --> new items: 1
Country: xf, product: imac --> new items: 2
Country: xf, product: macbookpro --> new items: 1
Country: xf, product: macbookair --> new items: 1
Country: de, product: iphone --> new items: 1
Country: de, product: macbookpro --> new items: 3
Country: fr, product: macbookpro --> new items: 1
Country: nl, product: iphone --> new items: 1
Country: at, product: iphone --> new items: 1
Country: at, product: macbookpro --> new items: 1
Country: us, product: imac --> new items: 2
Country: us, product: macbookpro --> new items: 1
Country: us, product: macbookair --> new items: 1
------------------------------------------------------------
Date: 2026/09/11 05:23:12
Country: ca, product: macstudio --> new items: 2
Country: ca, product: mini --> new items: 4
Country: ca, product: macbookpro --> new items: 3
Country: xf, product: macstudio --> new items: 2
Country: xf, product: mini --> new items: 4
Country: xf, product: macbookpro --> new items: 3
Country: cn, product: watch --> new items: 1
Country: jp, product: iphone --> new items: 34
Country: us, product: macstudio --> new items: 2
Country: us, product: mini --> new items: 4
Country: us, product: macbookpro --> new items: 3
------------------------------------------------------------
Date: 2026/09/11 10:09:35
Country: bx, product: atv --> new items: 2
Country: be, product: ipad --> new items: 2
Country: be, product: atv --> new items: 2
Country: ca, product: mini --> new items: 5
Country: xf, product: mini --> new items: 5
Country: cn, product: imac --> new items: 1
Country: de, product: ipad --> new items: 1
Country: de, product: macbookpro --> new items: 3
Country: de, product: macbookair --> new items: 2
Country: de, product: atv --> new items: 2
Country: es, product: ipad --> new items: 2
Country: es, product: macbookair --> new items: 1
Country: fr, product: macstudio --> new items: 2
Country: fr, product: macbookair --> new items: 1
Country: fr, product: atv --> new items: 2
Country: hk, product: ipad --> new items: 1
Country: it, product: ipad --> new items: 2
Country: jp, product: iphone --> new items: 1
Country: jp, product: watch --> new items: 6
Country: nl, product: ipad --> new items: 2
Country: nl, product: atv --> new items: 2
Country: at, product: ipad --> new items: 2
Country: at, product: macbookpro --> new items: 3
Country: at, product: macbookair --> new items: 2
Country: at, product: atv --> new items: 2
Country: sg, product: ipad --> new items: 1
Country: sg, product: watch --> new items: 1
Country: cx, product: ipad --> new items: 2
Country: cx, product: atv --> new items: 2
Country: ch, product: ipad --> new items: 2
Country: ch, product: atv --> new items: 2
Country: us, product: mini --> new items: 5
Country: us, product: watch --> new items: 1
------------------------------------------------------------
Date: 2026/09/11 14:40:09
Country: bx, product: ipad --> new items: 1
Country: bx, product: iphone --> new items: 3
Country: bx, product: macbookpro --> new items: 2
Country: be, product: ipad --> new items: 1
Country: be, product: iphone --> new items: 3
Country: be, product: macbookpro --> new items: 2
Country: ca, product: macstudio --> new items: 10
Country: ca, product: mini --> new items: 7
Country: ca, product: macbookpro --> new items: 26
Country: ca, product: macbookair --> new items: 1
Country: xf, product: macstudio --> new items: 8
Country: xf, product: mini --> new items: 7
Country: xf, product: macbookpro --> new items: 25
Country: xf, product: macbookair --> new items: 1
Country: cn, product: imac --> new items: 1
Country: de, product: ipad --> new items: 1
Country: de, product: iphone --> new items: 3
Country: de, product: mini --> new items: 4
Country: de, product: macbookpro --> new items: 2
Country: de, product: macbookair --> new items: 1
Country: es, product: ipad --> new items: 1
Country: es, product: macbookair --> new items: 3
Country: fr, product: mini --> new items: 5
Country: fr, product: macbookpro --> new items: 3
Country: fr, product: macbookair --> new items: 1
Country: it, product: ipad --> new items: 1
Country: it, product: macbookpro --> new items: 2
Country: it, product: macbookair --> new items: 3
Country: nl, product: ipad --> new items: 1
Country: nl, product: iphone --> new items: 3
Country: nl, product: macbookpro --> new items: 1
Country: nl, product: macbookair --> new items: 1
Country: at, product: ipad --> new items: 1
Country: at, product: iphone --> new items: 3
Country: at, product: mini --> new items: 4
Country: at, product: macbookpro --> new items: 2
Country: at, product: macbookair --> new items: 1
Country: pl, product: macbookair --> new items: 1
Country: sg, product: macbookair --> new items: 7
Country: cx, product: ipad --> new items: 1
Country: cx, product: macbookair --> new items: 1
Country: ch, product: ipad --> new items: 1
Country: ch, product: macbookair --> new items: 1
Country: us, product: iphone --> new items: 1
Country: us, product: macstudio --> new items: 8
Country: us, product: mini --> new items: 7
Country: us, product: macbookpro --> new items: 26
Country: us, product: macbookair --> new items: 1
Country: us, product: watch --> new items: 1
------------------------------------------------------------
Date: 2026/09/11 17:58:30
Country: au, product: macbookair --> new items: 1
Country: bx, product: macbookair --> new items: 1
Country: be, product: macbookair --> new items: 1
Country: ca, product: macbookpro --> new items: 1
Country: ca, product: macbookair --> new items: 2
Country: xf, product: macbookpro --> new items: 1
Country: xf, product: macbookair --> new items: 1
Country: cn, product: macbookair --> new items: 1
Country: de, product: macbookpro --> new items: 1
Country: de, product: macbookair --> new items: 2
Country: es, product: macbookair --> new items: 1
Country: ie, product: macbookair --> new items: 1
Country: nz, product: macbookair --> new items: 1
Country: at, product: macbookpro --> new items: 1
Country: at, product: macbookair --> new items: 2
Country: cx, product: macbookpro --> new items: 1
Country: ch, product: macbookpro --> new items: 1
Country: uk, product: macbookair --> new items: 1
Country: us, product: macbookpro --> new items: 1
Country: us, product: macbookair --> new items: 2
------------------------------------------------------------
